23:06:32 **** Incremental Build of configuration Debug for project Micros_tanks ****
make -j16 all 
arm-none-eabi-gcc "../Core/Src/fsm_juego.c" -mcpu=cortex-m4 -std=gnu11 -g3 -DDEBUG -DUSE_HAL_DRIVER -DSTM32F407xx -c -I../Core/Inc -I../Drivers/STM32F4xx_HAL_Driver/Inc -I../Drivers/STM32F4xx_HAL_Driver/Inc/Legacy -I../Drivers/CMSIS/Device/ST/STM32F4xx/Include -I../Drivers/CMSIS/Include -O0 -ffunction-sections -fdata-sections -Wall -fstack-usage -fcyclomatic-complexity -MMD -MP -MF"Core/Src/fsm_juego.d" -MT"Core/Src/fsm_juego.o" --specs=nano.specs -mfpu=fpv4-sp-d16 -mfloat-abi=hard -mthumb -o "Core/Src/fsm_juego.o"
arm-none-eabi-gcc -o "Micros_tanks.elf" @"objects.list"   -mcpu=cortex-m4 -T"E:\uni\SED\Trabajo-Micros\Micros_tanks\STM32F407VGTX_FLASH.ld" --specs=nosys.specs -Wl,-Map="Micros_tanks.map" -Wl,--gc-sections -static --specs=nano.specs -mfpu=fpv4-sp-d16 -mfloat-abi=hard -mthumb -Wl,--start-group -lc -lm -Wl,--end-group
Finished building target: Micros_tanks.elf
 
arm-none-eabi-size  Micros_tanks.elf 
arm-none-eabi-objdump -h -S Micros_tanks.elf  > "Micros_tanks.list"
   text	   data	    bss	    dec	    hex	filename
  21952	     12	   1892	  23856	   5d30	Micros_tanks.elf
Finished building: default.size.stdout
 
Finished building: Micros_tanks.list
 

23:06:33 Build Finished. 0 errors, 0 warnings. (took 1s.205ms)

